
> urban-reality-os@0.0.0 dev
> vite

Port 5173 is in use, trying another one...

  [32m[1mVITE[22m v5.4.21[39m  [2mready in [0m[1m317[22m[2m[0m ms[22m

  [32mΓ₧£[39m  [1mLocal[22m:   [36mhttp://localhost:[1m5174[22m/[39m
[2m  [32mΓ₧£[39m  [1mNetwork[22m[2m: use [22m[1m--host[22m[2m to expose[22m
[2m[32m  Γ₧£[39m[22m[2m  press [22m[1mh + enter[22m[2m to show help[22m
[2m8:52:46 pm[22m [36m[1m[vite][22m[39m [32mpage reload [39m[2murban-reality-os/dist/index.html[22m
[2m8:52:48 pm[22m [36m[1m[vite][22m[39m [32mpage reload [39m[2murban-reality-os/dist/index.html[22m
